[extract] AI_VisualCulture.pptx
  media: 54 files (64.4 MB)
  slides: 42
[extract] AI_WeekEight.pptx
  media: 74 files (993.9 MB)
  slides: 24
[extract] AI_WeekEleven.pptx
  media: 83 files (867.5 MB)
  slides: 27
[extract] AI_WeekNine.pptx
  media: 94 files (913.4 MB)
  slides: 30
[extract] AI_WeekSix.pptx
  media: 105 files (1.1 GB)
  slides: 32
[extract] AI_WeekTen.pptx
  media: 85 files (971.5 MB)
  slides: 27
[extract] AI_WeekThirteen.pptx
  media: 98 files (745.9 MB)
  slides: 32
[extract] AI_Week_Fifteen.pptx
  media: 99 files (866.3 MB)
  slides: 31
[extract] AI_Week_Five.pptx
  media: 98 files (1021.2 MB)
  slides: 31
[extract] AI_Week_Four.pptx
  media: 103 files (1.0 GB)
  slides: 33
[extract] AI_Week_Fourteen.pptx
  media: 101 files (773.9 MB)
  slides: 32
[extract] AI_Week_One.pptx
  media: 113 files (1.1 GB)
  slides: 38
[extract] AI_Week_Seven.pptx
  media: 123 files (1.3 GB)
  slides: 36
[extract] AI_Week_Three.pptx
  media: 87 files (1.2 GB)
  slides: 31
[extract] AI_Week_Twelve.pptx
  media: 91 files (931.8 MB)
  slides: 30
[extract] AI_Week_Two.pptx
  media: 127 files (1.4 GB)
  slides: 43

Done. Output in C:\Users\anast\OneDrive\Documents\GitHub\NEH_AI_DH\slides\_extracted
